07-03 22:16:24.802 I/flutter (25349): [jeeb-diag] {"t":"nav","evt":"push","route":"shell","name":"shell","params":{},"ts":"2026-07-03T20:16:24.799341Z"}
07-03 22:16:25.218 I/flutter (25349): [jeeb-diag] {"t":"evt","name":"exportinfo","data":{"file":"/data/user/0/app.jeeb.mobile.dev/files/diag/2026-07-03T20-16-25-216Z-jeeber.jsonl","dir":"/data/user/0/app.jeeb.mobile.dev/files/diag"},"ts":"2026-07-03T20:16:25.218164Z"}
07-03 22:16:25.260 I/flutter (25349): [jeeb-diag] {"t":"evt","name":"session_auth","data":{"status":"authenticated"},"ts":"2026-07-03T20:16:25.259383Z"}
07-03 22:16:25.330 I/flutter (25349): [jeeb-diag] {"t":"evt","name":"session_meta","data":{"subPrefix":"9acb579d"},"ts":"2026-07-03T20:16:25.330587Z"}
07-03 22:16:25.692 I/flutter (25349): [jeeb-diag] {"t":"evt","name":"push_permission","data":{"from":"notDetermined","to":"granted"},"ts":"2026-07-03T20:16:25.692601Z"}
07-03 22:16:27.277 I/flutter (25349): [jeeb-diag] {"t":"api","m":"GET","path":"/requests","status":200,"ms":1946,"reqId":null,"seq":8,"screen":"shell","ts":"2026-07-03T20:16:27.277682Z"}
07-03 22:16:27.278 I/flutter (25349): [jeeb-diag] {"t":"api","m":"GET","path":"/requests","status":200,"ms":1956,"reqId":null,"seq":6,"screen":"shell","ts":"2026-07-03T20:16:27.278082Z"}
07-03 22:16:27.278 I/flutter (25349): [jeeb-diag] {"t":"api","m":"GET","path":"/deliveries","status":200,"ms":1962,"reqId":null,"seq":4,"screen":"shell","ts":"2026-07-03T20:16:27.278182Z"}
07-03 22:16:27.278 I/flutter (25349): [jeeb-diag] {"t":"api","m":"GET","path":"/requests","status":200,"ms":1952,"reqId":null,"seq":7,"screen":"shell","ts":"2026-07-03T20:16:27.278252Z"}
07-03 22:16:27.278 I/flutter (25349): [jeeb-diag] {"t":"api","m":"GET","path":"/requests","status":200,"ms":1961,"reqId":null,"seq":5,"screen":"shell","ts":"2026-07-03T20:16:27.278319Z"}
07-03 22:16:27.281 I/flutter (25349): [jeeb-diag] {"t":"api","m":"PUT","path":"/api/PushNotification/register","status":201,"ms":1553,"reqId":null,"seq":10,"screen":"shell","ts":"2026-07-03T20:16:27.281587Z"}
07-03 22:16:27.452 I/flutter (25349): [jeeb-diag] {"t":"api","m":"GET","path":"/v1/users/me","status":200,"ms":2138,"reqId":null,"seq":3,"screen":"shell","ts":"2026-07-03T20:16:27.452656Z"}
07-03 22:16:27.556 I/flutter (25349): [jeeb-diag] {"t":"api","m":"GET","path":"/v1/users/me","status":200,"ms":2262,"reqId":null,"seq":1,"screen":"shell","ts":"2026-07-03T20:16:27.555930Z"}
07-03 22:16:27.683 I/flutter (25349): [jeeb-diag] {"t":"api","m":"GET","path":"/v1/users/me","status":200,"ms":2369,"reqId":null,"seq":2,"screen":"shell","ts":"2026-07-03T20:16:27.683741Z"}
07-03 22:16:27.710 I/flutter (25349): [jeeb-diag] {"t":"api","m":"GET","path":"/v1/jeebers/me/feed","status":200,"ms":25,"reqId":null,"seq":11,"screen":"shell","ts":"2026-07-03T20:16:27.710204Z"}
07-03 22:16:27.721 I/flutter (25349): [jeeb-diag] {"t":"api","m":"GET","path":"/v1/deliveries","status":200,"ms":36,"reqId":null,"seq":12,"screen":"shell","ts":"2026-07-03T20:16:27.721597Z"}
07-03 22:16:27.725 I/flutter (25349): [jeeb-diag] {"t":"api","m":"GET","path":"/jeebers/me/availability","status":200,"ms":15,"reqId":null,"seq":14,"screen":"shell","ts":"2026-07-03T20:16:27.724950Z"}
07-03 22:16:27.725 I/flutter (25349): [jeeb-diag] {"t":"api","m":"GET","path":"/v1/users/me","status":200,"ms":17,"reqId":null,"seq":13,"screen":"shell","ts":"2026-07-03T20:16:27.725090Z"}
07-03 22:16:27.780 I/flutter (25349): [jeeb-diag] {"t":"api","m":"GET","path":"/v1/users/me","status":200,"ms":2440,"reqId":null,"seq":9,"screen":"shell","ts":"2026-07-03T20:16:27.780616Z"}
07-03 22:16:27.918 I/flutter (25349): [jeeb-diag] {"t":"api","m":"GET","path":"/v1/jeeb/earnings","status":200,"ms":201,"reqId":null,"seq":15,"screen":"shell","ts":"2026-07-03T20:16:27.918412Z"}
07-03 22:16:37.707 I/flutter (25349): [jeeb-diag] {"t":"api","m":"GET","path":"/v1/deliveries","status":200,"ms":85,"reqId":null,"seq":17,"screen":"shell","ts":"2026-07-03T20:16:37.706500Z"}
07-03 22:16:37.719 I/flutter (25349): [jeeb-diag] {"t":"api","m":"GET","path":"/v1/jeebers/me/feed","status":200,"ms":117,"reqId":null,"seq":16,"screen":"shell","ts":"2026-07-03T20:16:37.718933Z"}
07-03 22:16:47.729 I/flutter (25349): [jeeb-diag] {"t":"api","m":"GET","path":"/v1/deliveries","status":200,"ms":105,"reqId":null,"seq":19,"screen":"shell","ts":"2026-07-03T20:16:47.729257Z"}
07-03 22:16:47.732 I/flutter (25349): [jeeb-diag] {"t":"api","m":"GET","path":"/v1/jeebers/me/feed","status":200,"ms":130,"reqId":null,"seq":18,"screen":"shell","ts":"2026-07-03T20:16:47.732558Z"}
07-03 22:16:57.647 I/flutter (25349): [jeeb-diag] {"t":"api","m":"GET","path":"/v1/deliveries","status":200,"ms":28,"reqId":null,"seq":21,"screen":"shell","ts":"2026-07-03T20:16:57.647341Z"}
07-03 22:16:57.664 I/flutter (25349): [jeeb-diag] {"t":"api","m":"GET","path":"/v1/jeebers/me/feed","status":200,"ms":67,"reqId":null,"seq":20,"screen":"shell","ts":"2026-07-03T20:16:57.663816Z"}
07-03 22:17:07.715 I/flutter (25349): [jeeb-diag] {"t":"api","m":"GET","path":"/v1/deliveries","status":200,"ms":105,"reqId":null,"seq":23,"screen":"shell","ts":"2026-07-03T20:17:07.715052Z"}
07-03 22:17:07.716 I/flutter (25349): [jeeb-diag] {"t":"api","m":"GET","path":"/v1/jeebers/me/feed","status":200,"ms":119,"reqId":null,"seq":22,"screen":"shell","ts":"2026-07-03T20:17:07.716465Z"}
07-03 22:17:17.625 I/flutter (25349): [jeeb-diag] {"t":"api","m":"GET","path":"/v1/jeebers/me/feed","status":200,"ms":40,"reqId":null,"seq":24,"screen":"shell","ts":"2026-07-03T20:17:17.625371Z"}
07-03 22:17:17.626 I/flutter (25349): [jeeb-diag] {"t":"api","m":"GET","path":"/v1/deliveries","status":200,"ms":25,"reqId":null,"seq":25,"screen":"shell","ts":"2026-07-03T20:17:17.626260Z"}
