07-03 22:16:34.743 I/flutter (25851): [jeeb-diag] {"t":"nav","evt":"push","route":"shell","name":"shell","params":{},"ts":"2026-07-03T20:16:34.739516Z"}
07-03 22:16:35.512 I/flutter (25851): [jeeb-diag] {"t":"evt","name":"exportinfo","data":{"file":"/data/user/0/app.jeeb.mobile.dev/files/diag/2026-07-03T20-16-35-508Z-client.jsonl","dir":"/data/user/0/app.jeeb.mobile.dev/files/diag"},"ts":"2026-07-03T20:16:35.511330Z"}
07-03 22:16:35.628 I/flutter (25851): [jeeb-diag] {"t":"evt","name":"session_auth","data":{"status":"authenticated"},"ts":"2026-07-03T20:16:35.627582Z"}
07-03 22:16:35.716 I/flutter (25851): [jeeb-diag] {"t":"evt","name":"session_meta","data":{"subPrefix":"da890ba5"},"ts":"2026-07-03T20:16:35.716824Z"}
07-03 22:16:36.366 I/flutter (25851): [jeeb-diag] {"t":"api","m":"GET","path":"/requests","status":200,"ms":671,"reqId":null,"seq":5,"screen":"shell","ts":"2026-07-03T20:16:36.366044Z"}
07-03 22:16:36.366 I/flutter (25851): [jeeb-diag] {"t":"api","m":"GET","path":"/requests","status":200,"ms":670,"reqId":null,"seq":6,"screen":"shell","ts":"2026-07-03T20:16:36.366420Z"}
07-03 22:16:36.368 I/flutter (25851): [jeeb-diag] {"t":"api","m":"GET","path":"/requests","status":200,"ms":666,"reqId":null,"seq":7,"screen":"shell","ts":"2026-07-03T20:16:36.368045Z"}
07-03 22:16:36.368 I/flutter (25851): [jeeb-diag] {"t":"api","m":"GET","path":"/requests","status":200,"ms":664,"reqId":null,"seq":8,"screen":"shell","ts":"2026-07-03T20:16:36.368262Z"}
07-03 22:16:36.368 I/flutter (25851): [jeeb-diag] {"t":"api","m":"GET","path":"/v1/users/me","status":200,"ms":679,"reqId":null,"seq":2,"screen":"shell","ts":"2026-07-03T20:16:36.368451Z"}
07-03 22:16:36.368 I/flutter (25851): [jeeb-diag] {"t":"api","m":"GET","path":"/v1/users/me","status":200,"ms":720,"reqId":null,"seq":1,"screen":"shell","ts":"2026-07-03T20:16:36.368626Z"}
07-03 22:16:36.368 I/flutter (25851): [jeeb-diag] {"t":"api","m":"GET","path":"/v1/users/me","status":200,"ms":678,"reqId":null,"seq":3,"screen":"shell","ts":"2026-07-03T20:16:36.368790Z"}
07-03 22:16:36.369 I/flutter (25851): [jeeb-diag] {"t":"api","m":"GET","path":"/deliveries","status":200,"ms":676,"reqId":null,"seq":4,"screen":"shell","ts":"2026-07-03T20:16:36.368953Z"}
07-03 22:16:37.396 I/flutter (25851): [jeeb-diag] {"t":"api","m":"GET","path":"/v1/users/me","status":200,"ms":143,"reqId":null,"seq":9,"screen":"shell","ts":"2026-07-03T20:16:36.398889Z"}
07-03 22:16:37.396 I/flutter (25851): [jeeb-diag] {"t":"evt","name":"push_permission","data":{"from":"notDetermined","to":"granted"},"ts":"2026-07-03T20:16:36.623559Z"}
07-03 22:16:37.396 I/flutter (25851): [jeeb-diag] {"t":"api","m":"PUT","path":"/api/PushNotification/register","status":201,"ms":67,"reqId":null,"seq":10,"screen":"shell","ts":"2026-07-03T20:16:36.697163Z"}
07-03 22:16:44.932 I/flutter (25851): [jeeb-diag] {"t":"api","m":"GET","path":"/requests","status":200,"ms":94,"reqId":null,"seq":13,"screen":"shell","ts":"2026-07-03T20:16:44.931915Z"}
07-03 22:16:44.933 I/flutter (25851): [jeeb-diag] {"t":"api","m":"GET","path":"/requests","status":200,"ms":108,"reqId":null,"seq":12,"screen":"shell","ts":"2026-07-03T20:16:44.932938Z"}
07-03 22:16:44.934 I/flutter (25851): [jeeb-diag] {"t":"api","m":"GET","path":"/requests","status":200,"ms":89,"reqId":null,"seq":14,"screen":"shell","ts":"2026-07-03T20:16:44.933869Z"}
07-03 22:16:45.945 I/flutter (25851): [jeeb-diag] {"t":"api","m":"GET","path":"/deliveries","status":200,"ms":121,"reqId":null,"seq":11,"screen":"shell","ts":"2026-07-03T20:16:44.939972Z"}
07-03 22:16:54.854 I/flutter (25851): [jeeb-diag] {"t":"api","m":"GET","path":"/requests","status":200,"ms":48,"reqId":null,"seq":16,"screen":"shell","ts":"2026-07-03T20:16:54.853826Z"}
07-03 22:16:54.855 I/flutter (25851): [jeeb-diag] {"t":"api","m":"GET","path":"/requests","status":200,"ms":48,"reqId":null,"seq":17,"screen":"shell","ts":"2026-07-03T20:16:54.855549Z"}
07-03 22:16:54.868 I/flutter (25851): [jeeb-diag] {"t":"api","m":"GET","path":"/deliveries","status":200,"ms":64,"reqId":null,"seq":15,"screen":"shell","ts":"2026-07-03T20:16:54.867847Z"}
07-03 22:16:54.868 I/flutter (25851): [jeeb-diag] {"t":"api","m":"GET","path":"/requests","status":200,"ms":58,"reqId":null,"seq":18,"screen":"shell","ts":"2026-07-03T20:16:54.868478Z"}
07-03 22:17:04.923 I/flutter (25851): [jeeb-diag] {"t":"api","m":"GET","path":"/requests","status":200,"ms":120,"reqId":null,"seq":20,"screen":"shell","ts":"2026-07-03T20:17:04.922830Z"}
07-03 22:17:04.925 I/flutter (25851): [jeeb-diag] {"t":"api","m":"GET","path":"/requests","status":200,"ms":118,"reqId":null,"seq":21,"screen":"shell","ts":"2026-07-03T20:17:04.925011Z"}
07-03 22:17:04.927 I/flutter (25851): [jeeb-diag] {"t":"api","m":"GET","path":"/requests","status":200,"ms":119,"reqId":null,"seq":22,"screen":"shell","ts":"2026-07-03T20:17:04.927759Z"}
07-03 22:17:04.928 I/flutter (25851): [jeeb-diag] {"t":"api","m":"GET","path":"/deliveries","status":200,"ms":127,"reqId":null,"seq":19,"screen":"shell","ts":"2026-07-03T20:17:04.928470Z"}
07-03 22:17:14.870 I/flutter (25851): [jeeb-diag] {"t":"api","m":"GET","path":"/requests","status":200,"ms":58,"reqId":null,"seq":24,"screen":"shell","ts":"2026-07-03T20:17:14.869501Z"}
07-03 22:17:14.871 I/flutter (25851): [jeeb-diag] {"t":"api","m":"GET","path":"/requests","status":200,"ms":51,"reqId":null,"seq":25,"screen":"shell","ts":"2026-07-03T20:17:14.870891Z"}
07-03 22:17:14.872 I/flutter (25851): [jeeb-diag] {"t":"api","m":"GET","path":"/deliveries","status":200,"ms":64,"reqId":null,"seq":23,"screen":"shell","ts":"2026-07-03T20:17:14.872691Z"}
07-03 22:17:14.874 I/flutter (25851): [jeeb-diag] {"t":"api","m":"GET","path":"/requests","status":200,"ms":49,"reqId":null,"seq":26,"screen":"shell","ts":"2026-07-03T20:17:14.874838Z"}
07-03 22:17:24.928 I/flutter (25851): [jeeb-diag] {"t":"api","m":"GET","path":"/requests","status":200,"ms":117,"reqId":null,"seq":28,"screen":"shell","ts":"2026-07-03T20:17:24.928328Z"}
07-03 22:17:24.929 I/flutter (25851): [jeeb-diag] {"t":"api","m":"GET","path":"/requests","status":200,"ms":109,"reqId":null,"seq":29,"screen":"shell","ts":"2026-07-03T20:17:24.929162Z"}
07-03 22:17:24.935 I/flutter (25851): [jeeb-diag] {"t":"api","m":"GET","path":"/requests","status":200,"ms":111,"reqId":null,"seq":30,"screen":"shell","ts":"2026-07-03T20:17:24.934982Z"}
07-03 22:17:24.935 I/flutter (25851): [jeeb-diag] {"t":"api","m":"GET","path":"/deliveries","status":200,"ms":126,"reqId":null,"seq":27,"screen":"shell","ts":"2026-07-03T20:17:24.935519Z"}
