Analyzing chat, test...

  error - lib/features/chat/application/chat_connection_cubit.dart:87:21 - The class 'ChatMessage' doesn't have an unnamed constructor. Try using one of the named constructors defined in 'ChatMessage'. - new_with_undefined_constructor_default
  error - lib/features/chat/application/chat_connection_cubit.dart:99:20 - The getter 'clientId' isn't defined for the type 'ChatMessage'. Try importing the library that defines 'clientId', correcting the name to the name of an existing getter, or defining a getter or field named 'clientId'. - undefined_getter
  error - lib/features/chat/application/chat_connection_cubit.dart:127:25 - The getter 'clientId' isn't defined for the type 'ChatMessage'. Try importing the library that defines 'clientId', correcting the name to the name of an existing getter, or defining a getter or field named 'clientId'. - undefined_getter
  error - lib/features/chat/application/chat_connection_cubit.dart:132:15 - Undefined name 'ChatMessageStatus'. Try correcting the name to one that is defined, or defining the name. - undefined_identifier
  error - lib/features/chat/application/chat_connection_cubit.dart:133:7 - The named parameter 'attempts' isn't defined. Try correcting the name to an existing named parameter's name, or defining a named parameter with the name 'attempts'. - undefined_named_parameter
  error - lib/features/chat/application/chat_connection_cubit.dart:219:14 - Undefined class 'ChatMessageStatus'. Try changing the name to the name of an existing class, or creating a class with the name 'ChatMessageStatus'. - undefined_class
  error - lib/features/chat/application/chat_connection_cubit.dart:221:51 - The getter 'clientId' isn't defined for the type 'ChatMessage'. Try importing the library that defines 'clientId', correcting the name to the name of an existing getter, or defining a getter or field named 'clientId'. - undefined_getter
  error - lib/features/chat/application/chat_connection_cubit.dart:224:7 - The named parameter 'serverId' isn't defined. Try correcting the name to an existing named parameter's name, or defining a named parameter with the name 'serverId'. - undefined_named_parameter
  error - lib/features/chat/application/chat_connection_cubit.dart:227:19 - Undefined name 'ChatMessageStatus'. Try correcting the name to one that is defined, or defining the name. - undefined_identifier
  error - lib/features/chat/application/chat_connection_cubit.dart:228:19 - Undefined name 'ChatMessageStatus'. Try correcting the name to one that is defined, or defining the name. - undefined_identifier
  error - lib/features/chat/application/chat_connection_cubit.dart:229:19 - Undefined name 'ChatMessageStatus'. Try correcting the name to one that is defined, or defining the name. - undefined_identifier
  error - lib/features/chat/application/chat_connection_cubit.dart:267:35 - Undefined name 'ChatMessageStatus'. Try correcting the name to one that is defined, or defining the name. - undefined_identifier
  error - lib/features/chat/application/chat_connection_cubit.dart:273:31 - The getter 'clientId' isn't defined for the type 'ChatMessage'. Try importing the library that defines 'clientId', correcting the name to the name of an existing getter, or defining a getter or field named 'clientId'. - undefined_getter
  error - lib/features/chat/application/chat_connection_cubit.dart:274:37 - The getter 'conversationId' isn't defined for the type 'ChatMessage'. Try importing the library that defines 'conversationId', correcting the name to the name of an existing getter, or defining a getter or field named 'conversationId'. - undefined_getter
  error - lib/features/chat/application/chat_connection_cubit.dart:275:31 - The getter 'senderId' isn't defined for the type 'ChatMessage'. Try importing the library that defines 'senderId', correcting the name to the name of an existing getter, or defining a getter or field named 'senderId'. - undefined_getter
  error - lib/features/chat/application/chat_connection_cubit.dart:276:27 - The getter 'body' isn't defined for the type 'ChatMessage'. Try importing the library that defines 'body', correcting the name to the name of an existing getter, or defining a getter or field named 'body'. - undefined_getter
  error - lib/features/chat/application/chat_connection_cubit.dart:277:32 - The getter 'createdAt' isn't defined for the type 'ChatMessage'. Try importing the library that defines 'createdAt', correcting the name to the name of an existing getter, or defining a getter or field named 'createdAt'. - undefined_getter
  error - lib/features/chat/application/chat_connection_cubit.dart:279:41 - The named parameter 'attempts' isn't defined. Try correcting the name to an existing named parameter's name, or defining a named parameter with the name 'attempts'. - undefined_named_parameter
  error - lib/features/chat/application/chat_connection_cubit.dart:279:59 - The getter 'attempts' isn't defined for the type 'ChatMessage'. Try importing the library that defines 'attempts', correcting the name to the name of an existing getter, or defining a getter or field named 'attempts'. - undefined_getter
  error - lib/features/chat/application/chat_connection_cubit.dart:338:41 - The getter 'clientId' isn't defined for the type 'ChatMessage'. Try importing the library that defines 'clientId', correcting the name to the name of an existing getter, or defining a getter or field named 'clientId'. - undefined_getter
  error - lib/features/chat/application/chat_connection_cubit.dart:338:65 - The getter 'clientId' isn't defined for the type 'ChatMessage'. Try importing the library that defines 'clientId', correcting the name to the name of an existing getter, or defining a getter or field named 'clientId'. - undefined_getter
  error - lib/features/chat/data/in_memory_chat_outbox.dart:20:33 - The getter 'clientId' isn't defined for the type 'ChatMessage'. Try importing the library that defines 'clientId', correcting the name to the name of an existing getter, or defining a getter or field named 'clientId'. - undefined_getter
  error - lib/features/chat/data/in_memory_chat_outbox.dart:25:44 - The getter 'clientId' isn't defined for the type 'ChatMessage'. Try importing the library that defines 'clientId', correcting the name to the name of an existing getter, or defining a getter or field named 'clientId'. - undefined_getter
  error - lib/features/chat/data/in_memory_chat_outbox.dart:25:64 - The getter 'clientId' isn't defined for the type 'ChatMessage'. Try importing the library that defines 'clientId', correcting the name to the name of an existing getter, or defining a getter or field named 'clientId'. - undefined_getter
  error - lib/features/chat/data/shared_prefs_chat_outbox.dart:40:35 - The method 'fromJson' isn't defined for the type 'ChatMessage'. Try correcting the name to the name of an existing method, or defining a method named 'fromJson'. - undefined_method
  error - lib/features/chat/data/shared_prefs_chat_outbox.dart:64:31 - The getter 'clientId' isn't defined for the type 'ChatMessage'. Try importing the library that defines 'clientId', correcting the name to the name of an existing getter, or defining a getter or field named 'clientId'. - undefined_getter
  error - lib/features/chat/data/shared_prefs_chat_outbox.dart:71:42 - The getter 'clientId' isn't defined for the type 'ChatMessage'. Try importing the library that defines 'clientId', correcting the name to the name of an existing getter, or defining a getter or field named 'clientId'. - undefined_getter
  error - lib/features/chat/data/shared_prefs_chat_outbox.dart:71:62 - The getter 'clientId' isn't defined for the type 'ChatMessage'. Try importing the library that defines 'clientId', correcting the name to the name of an existing getter, or defining a getter or field named 'clientId'. - undefined_getter
  error - lib/features/chat/data/shared_prefs_chat_outbox.dart:83:50 - The method 'toJson' isn't defined for the type 'ChatMessage'. Try correcting the name to the name of an existing method, or defining a method named 'toJson'. - undefined_method
  error - lib/features/chat/domain/chat_event.dart:23:58 - The method 'fromJson' isn't defined for the type 'ChatMessage'. Try correcting the name to the name of an existing method, or defining a method named 'fromJson'. - undefined_method
  error - lib/features/chat/domain/chat_event.dart:49:10 - Undefined class 'ChatMessageStatus'. Try changing the name to the name of an existing class, or creating a class with the name 'ChatMessageStatus'. - undefined_class
  error - lib/features/chat/domain/chat_event.dart:52:16 - Undefined name 'ChatMessageStatus'. Try correcting the name to one that is defined, or defining the name. - undefined_identifier
  error - lib/features/chat/domain/chat_event.dart:54:16 - Undefined name 'ChatMessageStatus'. Try correcting the name to one that is defined, or defining the name. - undefined_identifier
  error - lib/features/chat/domain/chat_event.dart:56:16 - Undefined name 'ChatMessageStatus'. Try correcting the name to one that is defined, or defining the name. - undefined_identifier
  error - lib/features/chat/domain/chat_event.dart:59:16 - Undefined name 'ChatMessageStatus'. Try correcting the name to one that is defined, or defining the name. - undefined_identifier
  error - lib/features/chat/domain/chat_event.dart:84:9 - Undefined class 'ChatMessageStatus'. Try changing the name to the name of an existing class, or creating a class with the name 'ChatMessageStatus'. - undefined_class
  error - lib/features/chat/domain/chat_outbox.dart:29:25 - The getter 'clientId' isn't defined for the type 'ChatMessage'. Try importing the library that defines 'clientId', correcting the name to the name of an existing getter, or defining a getter or field named 'clientId'. - undefined_getter
  error - lib/features/chat/domain/chat_outbox.dart:33:39 - Undefined name 'ChatMessageStatus'. Try correcting the name to one that is defined, or defining the name. - undefined_identifier
  error - test/chat_connection_cubit_test.dart:46:9 - The class 'ChatMessage' doesn't have an unnamed constructor. Try using one of the named constructors defined in 'ChatMessage'. - new_with_undefined_constructor_default
  error - test/chat_connection_cubit_test.dart:57:47 - The getter 'clientId' isn't defined for the type 'ChatMessage'. Try importing the library that defines 'clientId', correcting the name to the name of an existing getter, or defining a getter or field named 'clientId'. - undefined_getter
  error - test/chat_connection_cubit_test.dart:84:41 - The getter 'attempts' isn't defined for the type 'ChatMessage'. Try importing the library that defines 'attempts', correcting the name to the name of an existing getter, or defining a getter or field named 'attempts'. - undefined_getter
  error - test/chat_connection_cubit_test.dart:155:49 - Undefined name 'ChatMessageStatus'. Try correcting the name to one that is defined, or defining the name. - undefined_identifier
  error - test/chat_connection_cubit_test.dart:177:38 - The getter 'body' isn't defined for the type 'ChatMessage'. Try importing the library that defines 'body', correcting the name to the name of an existing getter, or defining a getter or field named 'body'. - undefined_getter
  error - test/chat_connection_cubit_test.dart:291:49 - Undefined name 'ChatMessageStatus'. Try correcting the name to one that is defined, or defining the name. - undefined_identifier
  error - test/chat_connection_cubit_test.dart:296:49 - Undefined name 'ChatMessageStatus'. Try correcting the name to one that is defined, or defining the name. - undefined_identifier
  error - test/chat_message_serialization_test.dart:9:24 - The class 'ChatMessage' doesn't have an unnamed constructor. Try using one of the named constructors defined in 'ChatMessage'. - new_with_undefined_constructor_default
  error - test/chat_message_serialization_test.dart:15:17 - Undefined name 'ChatMessageStatus'. Try correcting the name to one that is defined, or defining the name. - undefined_identifier
  error - test/chat_message_serialization_test.dart:18:36 - The method 'fromJson' isn't defined for the type 'ChatMessage'. Try correcting the name to the name of an existing method, or defining a method named 'fromJson'. - undefined_method
  error - test/chat_message_serialization_test.dart:18:54 - The method 'toJson' isn't defined for the type 'ChatMessage'. Try correcting the name to the name of an existing method, or defining a method named 'toJson'. - undefined_method
  error - test/chat_message_serialization_test.dart:23:36 - The method 'fromJson' isn't defined for the type 'ChatMessage'. Try correcting the name to the name of an existing method, or defining a method named 'fromJson'. - undefined_method
  error - test/chat_message_serialization_test.dart:30:31 - Undefined name 'ChatMessageStatus'. Try correcting the name to one that is defined, or defining the name. - undefined_identifier
  error - test/chat_message_serialization_test.dart:35:23 - The class 'ChatMessage' doesn't have an unnamed constructor. Try using one of the named constructors defined in 'ChatMessage'. - new_with_undefined_constructor_default
  error - test/chat_message_serialization_test.dart:43:17 - Undefined name 'ChatMessageStatus'. Try correcting the name to one that is defined, or defining the name. - undefined_identifier
  error - test/chat_message_serialization_test.dart:44:9 - The named parameter 'serverId' isn't defined. Try correcting the name to an existing named parameter's name, or defining a named parameter with the name 'serverId'. - undefined_named_parameter
  error - test/chat_message_serialization_test.dart:46:22 - The getter 'clientId' isn't defined for the type 'ChatMessage'. Try importing the library that defines 'clientId', correcting the name to the name of an existing getter, or defining a getter or field named 'clientId'. - undefined_getter
  error - test/chat_message_serialization_test.dart:47:30 - Undefined name 'ChatMessageStatus'. Try correcting the name to one that is defined, or defining the name. - undefined_identifier
  error - test/chat_message_serialization_test.dart:48:22 - The getter 'serverId' isn't defined for the type 'ChatMessage'. Try importing the library that defines 'serverId', correcting the name to the name of an existing getter, or defining a getter or field named 'serverId'. - undefined_getter
  error - test/chat_message_serialization_test.dart:65:54 - The getter 'body' isn't defined for the type 'ChatMessage'. Try importing the library that defines 'body', correcting the name to the name of an existing getter, or defining a getter or field named 'body'. - undefined_getter
  error - test/chat_message_serialization_test.dart:79:26 - Undefined name 'ChatMessageStatus'. Try correcting the name to one that is defined, or defining the name. - undefined_identifier
  error - test/chat_outbox_test.dart:7:32 - The class 'ChatMessage' doesn't have an unnamed constructor. Try using one of the named constructors defined in 'ChatMessage'. - new_with_undefined_constructor_default
  error - test/chat_outbox_test.dart:33:54 - The getter 'clientId' isn't defined for the type 'ChatMessage'. Try importing the library that defines 'clientId', correcting the name to the name of an existing getter, or defining a getter or field named 'clientId'. - undefined_getter
  error - test/chat_outbox_test.dart:38:60 - The getter 'clientId' isn't defined for the type 'ChatMessage'. Try importing the library that defines 'clientId', correcting the name to the name of an existing getter, or defining a getter or field named 'clientId'. - undefined_getter
  error - test/chat_outbox_test.dart:48:54 - The getter 'clientId' isn't defined for the type 'ChatMessage'. Try importing the library that defines 'clientId', correcting the name to the name of an existing getter, or defining a getter or field named 'clientId'. - undefined_getter
  error - test/chat_outbox_test.dart:57:17 - Undefined name 'ChatMessageStatus'. Try correcting the name to one that is defined, or defining the name. - undefined_identifier
  error - test/chat_outbox_test.dart:58:9 - The named parameter 'attempts' isn't defined. Try correcting the name to an existing named parameter's name, or defining a named parameter with the name 'attempts'. - undefined_named_parameter
  error - test/chat_outbox_test.dart:62:35 - Undefined name 'ChatMessageStatus'. Try correcting the name to one that is defined, or defining the name. - undefined_identifier
  error - test/chat_outbox_test.dart:63:27 - The getter 'attempts' isn't defined for the type 'ChatMessage'. Try importing the library that defines 'attempts', correcting the name to the name of an existing getter, or defining a getter or field named 'attempts'. - undefined_getter
warning - lib/features/chat/application/chat_cubit.dart:5:8 - Unused import: '../../photo_attachment/domain/photo_attachment.dart'. Try removing the import directive. - unused_import
warning - test/chat_screen_test.dart:2:8 - Unused import: 'dart:typed_data'. Try removing the import directive. - unused_import
warning - test/delivery_status_cubit_test.dart:50:28 - A value for optional parameter 'cancelOutcome' isn't ever given. Try removing the unused parameter. - unused_element_parameter
warning - test/offer_window_timer_test.dart:1:8 - Unused import: 'package:flutter/material.dart'. Try removing the import directive. - unused_import
warning - test/support/scripted_offers_repository.dart:3:8 - Unused import: 'package:jeeb_mobile/features/client_offers/domain/offer.dart'. Try removing the import directive. - unused_import
   info - lib/features/chat/application/chat_cubit.dart:180:5 - Use 'const' for final variables initialized to a constant value. Try replacing 'final' with 'const'. - prefer_const_declarations
   info - lib/features/chat/application/chat_cubit.dart:196:5 - Use 'const' for final variables initialized to a constant value. Try replacing 'final' with 'const'. - prefer_const_declarations
   info - test/order_history_screen_test.dart:74:22 - Unnecessary use of multiple underscores. Try using '_'. - unnecessary_underscores

75 issues found.
