[debug] [2026-07-26T22:29:09.641Z] ----------------------------------------------------------------------
[debug] [2026-07-26T22:29:09.642Z] Command:       /opt/homebrew/Cellar/node/26.3.1/bin/node /opt/homebrew/bin/firebase projects:list
[debug] [2026-07-26T22:29:09.642Z] CLI Version:   14.24.1
[debug] [2026-07-26T22:29:09.642Z] Platform:      darwin
[debug] [2026-07-26T22:29:09.642Z] Node Version:  v26.3.1
[debug] [2026-07-26T22:29:09.642Z] Time:          Mon Jul 27 2026 00:29:09 GMT+0200 (Central European Summer Time)
[debug] [2026-07-26T22:29:09.642Z] ----------------------------------------------------------------------
[debug] 
[debug] [2026-07-26T22:29:09.643Z] >>> [apiv2][query] GET https://firebase-public.firebaseio.com/cli.json [none]
[debug] [2026-07-26T22:29:09.661Z] > command requires scopes: ["email","openid","https://www.googleapis.com/auth/cloudplatformprojects.readonly","https://www.googleapis.com/auth/firebase","https://www.googleapis.com/auth/cloud-platform"]
[debug] [2026-07-26T22:29:09.661Z] > authorizing via signed-in user (ouday.khaled1990@gmail.com)
[debug] [2026-07-26T22:29:09.663Z] Checked if tokens are valid: false, expires at: 1780564873202
[debug] [2026-07-26T22:29:09.663Z] Checked if tokens are valid: false, expires at: 1780564873202
[debug] [2026-07-26T22:29:09.663Z] > refreshing access token with scopes: []
[debug] [2026-07-26T22:29:09.664Z] >>> [apiv2][query] POST https://www.googleapis.com/oauth2/v3/token [none]
[debug] [2026-07-26T22:29:09.664Z] >>> [apiv2][body] POST https://www.googleapis.com/oauth2/v3/token [omitted]
[error] Authentication Error: Your credentials are no longer valid. Please run firebase login --reauth

For CI servers and headless environments, generate a new token with firebase login:ci
[debug] [2026-07-26T22:29:09.736Z] Authentication Error: Your credentials are no longer valid. Please run firebase login --reauth

For CI servers and headless environments, generate a new token with firebase login:ci
[debug] [2026-07-26T22:29:09.777Z] FirebaseError: Authentication Error: Your credentials are no longer valid. Please run firebase login --reauth

For CI servers and headless environments, generate a new token with firebase login:ci
    at invalidCredentialError (/opt/homebrew/lib/node_modules/firebase-tools/lib/auth.js:167:12)
    at refreshTokens (/opt/homebrew/lib/node_modules/firebase-tools/lib/auth.js:591:15)
    at process.processTicksAndRejections (node:internal/process/task_queues:104:5)
    at async getAccessToken (/opt/homebrew/lib/node_modules/firebase-tools/lib/apiv2.js:42:18)
    at async Client.addAuthHeader (/opt/homebrew/lib/node_modules/firebase-tools/lib/apiv2.js:169:21)
    at async Client.request (/opt/homebrew/lib/node_modules/firebase-tools/lib/apiv2.js:120:34)
    at async getProjectPage (/opt/homebrew/lib/node_modules/firebase-tools/lib/management/projects.js:279:17)
    at async getFirebaseProjectPage (/opt/homebrew/lib/node_modules/firebase-tools/lib/management/projects.js:296:23)
    at async listFirebaseProjects (/opt/homebrew/lib/node_modules/firebase-tools/lib/management/projects.js:327:29)
    at async Command.actionFn (/opt/homebrew/lib/node_modules/firebase-tools/lib/commands/projects-list.js:51:20)
[error] 
[error] Error: Failed to list Firebase projects. See firebase-debug.log for more info.
[debug] [2026-07-26T22:29:09.899Z] <<< [apiv2][status] GET https://firebase-public.firebaseio.com/cli.json 200
[debug] [2026-07-26T22:29:09.899Z] <<< [apiv2][body] GET https://firebase-public.firebaseio.com/cli.json {"cloudBuildErrorAfter":1594252800000,"cloudBuildWarnAfter":1590019200000,"defaultNode10After":1594252800000,"minVersion":"3.0.5","node8DeploysDisabledAfter":1613390400000,"node8RuntimeDisabledAfter":1615809600000,"node8WarnAfter":1600128000000}
