Analyzing jeeb-mobile...

  error - lib/app/bootstrap.dart:47:9 - The named parameter 'sharedPreferences' isn't defined. Try correcting the name to an existing named parameter's name, or defining a named parameter with the name 'sharedPreferences'. - undefined_named_parameter
  error - lib/app/bootstrap.dart:48:9 - The named parameter 'crashReporter' isn't defined. Try correcting the name to an existing named parameter's name, or defining a named parameter with the name 'crashReporter'. - undefined_named_parameter
  error - lib/core/router/app_router.dart:244:13 - The named parameter 'draft' isn't defined. Try correcting the name to an existing named parameter's name, or defining a named parameter with the name 'draft'. - undefined_named_parameter
  error - lib/core/router/app_router.dart:245:13 - The named parameter 'submissionService' isn't defined. Try correcting the name to an existing named parameter's name, or defining a named parameter with the name 'submissionService'. - undefined_named_parameter
  error - lib/core/router/app_router.dart:246:13 - The named parameter 'acknowledgmentRepository' isn't defined. Try correcting the name to an existing named parameter's name, or defining a named parameter with the name 'acknowledgmentRepository'. - undefined_named_parameter
  error - lib/features/chat/application/chat_connection_cubit.dart:87:21 - The class 'ChatMessage' doesn't have an unnamed constructor. Try using one of the named constructors defined in 'ChatMessage'. - new_with_undefined_constructor_default
  error - lib/features/chat/application/chat_connection_cubit.dart:99:20 - The getter 'clientId' isn't defined for the type 'ChatMessage'. Try importing the library that defines 'clientId', correcting the name to the name of an existing getter, or defining a getter or field named 'clientId'. - undefined_getter
  error - lib/features/chat/application/chat_connection_cubit.dart:127:25 - The getter 'clientId' isn't defined for the type 'ChatMessage'. Try importing the library that defines 'clientId', correcting the name to the name of an existing getter, or defining a getter or field named 'clientId'. - undefined_getter
  error - lib/features/chat/application/chat_connection_cubit.dart:132:15 - Undefined name 'ChatMessageStatus'. Try correcting the name to one that is defined, or defining the name. - undefined_identifier
  error - lib/features/chat/application/chat_connection_cubit.dart:133:7 - The named parameter 'attempts' isn't defined. Try correcting the name to an existing named parameter's name, or defining a named parameter with the name 'attempts'. - undefined_named_parameter
  error - lib/features/chat/application/chat_connection_cubit.dart:219:14 - Undefined class 'ChatMessageStatus'. Try changing the name to the name of an existing class, or creating a class with the name 'ChatMessageStatus'. - undefined_class
  error - lib/features/chat/application/chat_connection_cubit.dart:221:51 - The getter 'clientId' isn't defined for the type 'ChatMessage'. Try importing the library that defines 'clientId', correcting the name to the name of an existing getter, or defining a getter or field named 'clientId'. - undefined_getter
  error - lib/features/chat/application/chat_connection_cubit.dart:224:7 - The named parameter 'serverId' isn't defined. Try correcting the name to an existing named parameter's name, or defining a named parameter with the name 'serverId'. - undefined_named_parameter
  error - lib/features/chat/application/chat_connection_cubit.dart:227:19 - Undefined name 'ChatMessageStatus'. Try correcting the name to one that is defined, or defining the name. - undefined_identifier
  error - lib/features/chat/application/chat_connection_cubit.dart:228:19 - Undefined name 'ChatMessageStatus'. Try correcting the name to one that is defined, or defining the name. - undefined_identifier
  error - lib/features/chat/application/chat_connection_cubit.dart:229:19 - Undefined name 'ChatMessageStatus'. Try correcting the name to one that is defined, or defining the name. - undefined_identifier
  error - lib/features/chat/application/chat_connection_cubit.dart:267:35 - Undefined name 'ChatMessageStatus'. Try correcting the name to one that is defined, or defining the name. - undefined_identifier
  error - lib/features/chat/application/chat_connection_cubit.dart:273:31 - The getter 'clientId' isn't defined for the type 'ChatMessage'. Try importing the library that defines 'clientId', correcting the name to the name of an existing getter, or defining a getter or field named 'clientId'. - undefined_getter
  error - lib/features/chat/application/chat_connection_cubit.dart:274:37 - The getter 'conversationId' isn't defined for the type 'ChatMessage'. Try importing the library that defines 'conversationId', correcting the name to the name of an existing getter, or defining a getter or field named 'conversationId'. - undefined_getter
  error - lib/features/chat/application/chat_connection_cubit.dart:275:31 - The getter 'senderId' isn't defined for the type 'ChatMessage'. Try importing the library that defines 'senderId', correcting the name to the name of an existing getter, or defining a getter or field named 'senderId'. - undefined_getter
  error - lib/features/chat/application/chat_connection_cubit.dart:276:27 - The getter 'body' isn't defined for the type 'ChatMessage'. Try importing the library that defines 'body', correcting the name to the name of an existing getter, or defining a getter or field named 'body'. - undefined_getter
  error - lib/features/chat/application/chat_connection_cubit.dart:277:32 - The getter 'createdAt' isn't defined for the type 'ChatMessage'. Try importing the library that defines 'createdAt', correcting the name to the name of an existing getter, or defining a getter or field named 'createdAt'. - undefined_getter
  error - lib/features/chat/application/chat_connection_cubit.dart:279:41 - The named parameter 'attempts' isn't defined. Try correcting the name to an existing named parameter's name, or defining a named parameter with the name 'attempts'. - undefined_named_parameter
  error - lib/features/chat/application/chat_connection_cubit.dart:279:59 - The getter 'attempts' isn't defined for the type 'ChatMessage'. Try importing the library that defines 'attempts', correcting the name to the name of an existing getter, or defining a getter or field named 'attempts'. - undefined_getter
  error - lib/features/chat/application/chat_connection_cubit.dart:338:41 - The getter 'clientId' isn't defined for the type 'ChatMessage'. Try importing the library that defines 'clientId', correcting the name to the name of an existing getter, or defining a getter or field named 'clientId'. - undefined_getter
  error - lib/features/chat/application/chat_connection_cubit.dart:338:65 - The getter 'clientId' isn't defined for the type 'ChatMessage'. Try importing the library that defines 'clientId', correcting the name to the name of an existing getter, or defining a getter or field named 'clientId'. - undefined_getter
  error - lib/features/chat/data/in_memory_chat_outbox.dart:20:33 - The getter 'clientId' isn't defined for the type 'ChatMessage'. Try importing the library that defines 'clientId', correcting the name to the name of an existing getter, or defining a getter or field named 'clientId'. - undefined_getter
  error - lib/features/chat/data/in_memory_chat_outbox.dart:25:44 - The getter 'clientId' isn't defined for the type 'ChatMessage'. Try importing the library that defines 'clientId', correcting the name to the name of an existing getter, or defining a getter or field named 'clientId'. - undefined_getter
  error - lib/features/chat/data/in_memory_chat_outbox.dart:25:64 - The getter 'clientId' isn't defined for the type 'ChatMessage'. Try importing the library that defines 'clientId', correcting the name to the name of an existing getter, or defining a getter or field named 'clientId'. - undefined_getter
  error - lib/features/chat/data/shared_prefs_chat_outbox.dart:40:35 - The method 'fromJson' isn't defined for the type 'ChatMessage'. Try correcting the name to the name of an existing method, or defining a method named 'fromJson'. - undefined_method
  error - lib/features/chat/data/shared_prefs_chat_outbox.dart:64:31 - The getter 'clientId' isn't defined for the type 'ChatMessage'. Try importing the library that defines 'clientId', correcting the name to the name of an existing getter, or defining a getter or field named 'clientId'. - undefined_getter
  error - lib/features/chat/data/shared_prefs_chat_outbox.dart:71:42 - The getter 'clientId' isn't defined for the type 'ChatMessage'. Try importing the library that defines 'clientId', correcting the name to the name of an existing getter, or defining a getter or field named 'clientId'. - undefined_getter
  error - lib/features/chat/data/shared_prefs_chat_outbox.dart:71:62 - The getter 'clientId' isn't defined for the type 'ChatMessage'. Try importing the library that defines 'clientId', correcting the name to the name of an existing getter, or defining a getter or field named 'clientId'. - undefined_getter
  error - lib/features/chat/data/shared_prefs_chat_outbox.dart:83:50 - The method 'toJson' isn't defined for the type 'ChatMessage'. Try correcting the name to the name of an existing method, or defining a method named 'toJson'. - undefined_method
  error - lib/features/chat/domain/chat_event.dart:23:58 - The method 'fromJson' isn't defined for the type 'ChatMessage'. Try correcting the name to the name of an existing method, or defining a method named 'fromJson'. - undefined_method
  error - lib/features/chat/domain/chat_event.dart:49:10 - Undefined class 'ChatMessageStatus'. Try changing the name to the name of an existing class, or creating a class with the name 'ChatMessageStatus'. - undefined_class
  error - lib/features/chat/domain/chat_event.dart:52:16 - Undefined name 'ChatMessageStatus'. Try correcting the name to one that is defined, or defining the name. - undefined_identifier
  error - lib/features/chat/domain/chat_event.dart:54:16 - Undefined name 'ChatMessageStatus'. Try correcting the name to one that is defined, or defining the name. - undefined_identifier
  error - lib/features/chat/domain/chat_event.dart:56:16 - Undefined name 'ChatMessageStatus'. Try correcting the name to one that is defined, or defining the name. - undefined_identifier
  error - lib/features/chat/domain/chat_event.dart:59:16 - Undefined name 'ChatMessageStatus'. Try correcting the name to one that is defined, or defining the name. - undefined_identifier
  error - lib/features/chat/domain/chat_event.dart:84:9 - Undefined class 'ChatMessageStatus'. Try changing the name to the name of an existing class, or creating a class with the name 'ChatMessageStatus'. - undefined_class
  error - lib/features/chat/domain/chat_outbox.dart:29:25 - The getter 'clientId' isn't defined for the type 'ChatMessage'. Try importing the library that defines 'clientId', correcting the name to the name of an existing getter, or defining a getter or field named 'clientId'. - undefined_getter
  error - lib/features/chat/domain/chat_outbox.dart:33:39 - Undefined name 'ChatMessageStatus'. Try correcting the name to one that is defined, or defining the name. - undefined_identifier
  error - lib/features/client_offers/presentation/widgets/offer_card.dart:91:48 - The argument type 'String' can't be assigned to the parameter type 'String Function(int)?'.  - argument_type_not_assignable
  error - test/chat_connection_cubit_test.dart:46:9 - The class 'ChatMessage' doesn't have an unnamed constructor. Try using one of the named constructors defined in 'ChatMessage'. - new_with_undefined_constructor_default
  error - test/chat_connection_cubit_test.dart:57:47 - The getter 'clientId' isn't defined for the type 'ChatMessage'. Try importing the library that defines 'clientId', correcting the name to the name of an existing getter, or defining a getter or field named 'clientId'. - undefined_getter
  error - test/chat_connection_cubit_test.dart:84:41 - The getter 'attempts' isn't defined for the type 'ChatMessage'. Try importing the library that defines 'attempts', correcting the name to the name of an existing getter, or defining a getter or field named 'attempts'. - undefined_getter
  error - test/chat_connection_cubit_test.dart:155:49 - Undefined name 'ChatMessageStatus'. Try correcting the name to one that is defined, or defining the name. - undefined_identifier
  error - test/chat_connection_cubit_test.dart:177:38 - The getter 'body' isn't defined for the type 'ChatMessage'. Try importing the library that defines 'body', correcting the name to the name of an existing getter, or defining a getter or field named 'body'. - undefined_getter
  error - test/chat_connection_cubit_test.dart:291:49 - Undefined name 'ChatMessageStatus'. Try correcting the name to one that is defined, or defining the name. - undefined_identifier
  error - test/chat_connection_cubit_test.dart:296:49 - Undefined name 'ChatMessageStatus'. Try correcting the name to one that is defined, or defining the name. - undefined_identifier
  error - test/chat_message_serialization_test.dart:9:24 - The class 'ChatMessage' doesn't have an unnamed constructor. Try using one of the named constructors defined in 'ChatMessage'. - new_with_undefined_constructor_default
  error - test/chat_message_serialization_test.dart:15:17 - Undefined name 'ChatMessageStatus'. Try correcting the name to one that is defined, or defining the name. - undefined_identifier
  error - test/chat_message_serialization_test.dart:18:36 - The method 'fromJson' isn't defined for the type 'ChatMessage'. Try correcting the name to the name of an existing method, or defining a method named 'fromJson'. - undefined_method
  error - test/chat_message_serialization_test.dart:18:54 - The method 'toJson' isn't defined for the type 'ChatMessage'. Try correcting the name to the name of an existing method, or defining a method named 'toJson'. - undefined_method
  error - test/chat_message_serialization_test.dart:23:36 - The method 'fromJson' isn't defined for the type 'ChatMessage'. Try correcting the name to the name of an existing method, or defining a method named 'fromJson'. - undefined_method
  error - test/chat_message_serialization_test.dart:30:31 - Undefined name 'ChatMessageStatus'. Try correcting the name to one that is defined, or defining the name. - undefined_identifier
  error - test/chat_message_serialization_test.dart:35:23 - The class 'ChatMessage' doesn't have an unnamed constructor. Try using one of the named constructors defined in 'ChatMessage'. - new_with_undefined_constructor_default
  error - test/chat_message_serialization_test.dart:43:17 - Undefined name 'ChatMessageStatus'. Try correcting the name to one that is defined, or defining the name. - undefined_identifier
  error - test/chat_message_serialization_test.dart:44:9 - The named parameter 'serverId' isn't defined. Try correcting the name to an existing named parameter's name, or defining a named parameter with the name 'serverId'. - undefined_named_parameter
  error - test/chat_message_serialization_test.dart:46:22 - The getter 'clientId' isn't defined for the type 'ChatMessage'. Try importing the library that defines 'clientId', correcting the name to the name of an existing getter, or defining a getter or field named 'clientId'. - undefined_getter
  error - test/chat_message_serialization_test.dart:47:30 - Undefined name 'ChatMessageStatus'. Try correcting the name to one that is defined, or defining the name. - undefined_identifier
  error - test/chat_message_serialization_test.dart:48:22 - The getter 'serverId' isn't defined for the type 'ChatMessage'. Try importing the library that defines 'serverId', correcting the name to the name of an existing getter, or defining a getter or field named 'serverId'. - undefined_getter
  error - test/chat_message_serialization_test.dart:65:54 - The getter 'body' isn't defined for the type 'ChatMessage'. Try importing the library that defines 'body', correcting the name to the name of an existing getter, or defining a getter or field named 'body'. - undefined_getter
  error - test/chat_message_serialization_test.dart:79:26 - Undefined name 'ChatMessageStatus'. Try correcting the name to one that is defined, or defining the name. - undefined_identifier
  error - test/chat_outbox_test.dart:7:32 - The class 'ChatMessage' doesn't have an unnamed constructor. Try using one of the named constructors defined in 'ChatMessage'. - new_with_undefined_constructor_default
  error - test/chat_outbox_test.dart:33:54 - The getter 'clientId' isn't defined for the type 'ChatMessage'. Try importing the library that defines 'clientId', correcting the name to the name of an existing getter, or defining a getter or field named 'clientId'. - undefined_getter
  error - test/chat_outbox_test.dart:38:60 - The getter 'clientId' isn't defined for the type 'ChatMessage'. Try importing the library that defines 'clientId', correcting the name to the name of an existing getter, or defining a getter or field named 'clientId'. - undefined_getter
  error - test/chat_outbox_test.dart:48:54 - The getter 'clientId' isn't defined for the type 'ChatMessage'. Try importing the library that defines 'clientId', correcting the name to the name of an existing getter, or defining a getter or field named 'clientId'. - undefined_getter
  error - test/chat_outbox_test.dart:57:17 - Undefined name 'ChatMessageStatus'. Try correcting the name to one that is defined, or defining the name. - undefined_identifier
  error - test/chat_outbox_test.dart:58:9 - The named parameter 'attempts' isn't defined. Try correcting the name to an existing named parameter's name, or defining a named parameter with the name 'attempts'. - undefined_named_parameter
  error - test/chat_outbox_test.dart:62:35 - Undefined name 'ChatMessageStatus'. Try correcting the name to one that is defined, or defining the name. - undefined_identifier
  error - test/chat_outbox_test.dart:63:27 - The getter 'attempts' isn't defined for the type 'ChatMessage'. Try importing the library that defines 'attempts', correcting the name to the name of an existing getter, or defining a getter or field named 'attempts'. - undefined_getter
warning - lib/core/observability/crash_reporting_initializer.dart:1:8 - Unused import: 'dart:async'. Try removing the import directive. - unused_import
warning - lib/features/chat/application/chat_cubit.dart:5:8 - Unused import: '../../photo_attachment/domain/photo_attachment.dart'. Try removing the import directive. - unused_import
warning - test/chat_screen_test.dart:2:8 - Unused import: 'dart:typed_data'. Try removing the import directive. - unused_import
warning - test/delivery_status_cubit_test.dart:50:28 - A value for optional parameter 'cancelOutcome' isn't ever given. Try removing the unused parameter. - unused_element_parameter
warning - test/offer_window_timer_test.dart:1:8 - Unused import: 'package:flutter/material.dart'. Try removing the import directive. - unused_import
warning - test/support/scripted_offers_repository.dart:3:8 - Unused import: 'package:jeeb_mobile/features/client_offers/domain/offer.dart'. Try removing the import directive. - unused_import
   info - lib/core/formatting/locale_formatter.dart:6:3 - Constructor declarations should be before non-constructor declarations. Try moving the constructor declaration before all other members. - sort_constructors_first
   info - lib/core/observability/crash_reporting_initializer.dart:8:3 - Constructor declarations should be before non-constructor declarations. Try moving the constructor declaration before all other members. - sort_constructors_first
   info - lib/features/biometric_auth/presentation/biometric_lock_screen.dart:1:8 - The import of 'package:flutter/foundation.dart' is unnecessary because all of the used elements are also provided by the import of 'package:flutter/material.dart'. Try removing the import directive. - unnecessary_import
   info - lib/features/cancellation/presentation/cancellation_screen.dart:6:9 - Constructor declarations should be before non-constructor declarations. Try moving the constructor declaration before all other members. - sort_constructors_first
   info - lib/features/cancellation/presentation/cancellation_screen.dart:53:15 - 'groupValue' is deprecated and shouldn't be used. Use a RadioGroup ancestor to manage group value instead. This feature was deprecated after v3.32.0-0.0.pre. Try replacing the use of the deprecated member with the replacement. - deprecated_member_use
   info - lib/features/cancellation/presentation/cancellation_screen.dart:54:15 - 'onChanged' is deprecated and shouldn't be used. Use RadioGroup to handle value change instead. This feature was deprecated after v3.32.0-0.0.pre. Try replacing the use of the deprecated member with the replacement. - deprecated_member_use
   info - lib/features/chat/application/chat_cubit.dart:180:5 - Use 'const' for final variables initialized to a constant value. Try replacing 'final' with 'const'. - prefer_const_declarations
   info - lib/features/chat/application/chat_cubit.dart:196:5 - Use 'const' for final variables initialized to a constant value. Try replacing 'final' with 'const'. - prefer_const_declarations
   info - lib/features/client_offers/application/client_offers_cubit.dart:153:48 - Don't return 'null' from a function with a return type of 'void'. Try removing the 'null'. - avoid_returning_null_for_void
   info - lib/features/client_offers/application/client_offers_cubit.dart:156:48 - Don't return 'null' from a function with a return type of 'void'. Try removing the 'null'. - avoid_returning_null_for_void
   info - lib/features/client_unreachable/presentation/client_unreachable_screen.dart:5:9 - Constructor declarations should be before non-constructor declarations. Try moving the constructor declaration before all other members. - sort_constructors_first
   info - lib/features/deep_link_targets/chat_detail_screen.dart:1:8 - The import of 'package:flutter/foundation.dart' is unnecessary because all of the used elements are also provided by the import of 'package:flutter/material.dart'. Try removing the import directive. - unnecessary_import
   info - lib/features/deep_link_targets/delivery_detail_screen.dart:1:8 - The import of 'package:flutter/foundation.dart' is unnecessary because all of the used elements are also provided by the import of 'package:flutter/material.dart'. Try removing the import directive. - unnecessary_import
   info - lib/features/deep_link_targets/kyc_status_screen.dart:1:8 - The import of 'package:flutter/foundation.dart' is unnecessary because all of the used elements are also provided by the import of 'package:flutter/material.dart'. Try removing the import directive. - unnecessary_import
   info - lib/features/deep_link_targets/rating_prompt_screen.dart:1:8 - The import of 'package:flutter/foundation.dart' is unnecessary because all of the used elements are also provided by the import of 'package:flutter/material.dart'. Try removing the import directive. - unnecessary_import
   info - lib/features/delivery_receipt/presentation/delivery_receipt_screen.dart:5:9 - Constructor declarations should be before non-constructor declarations. Try moving the constructor declaration before all other members. - sort_constructors_first
   info - lib/features/delivery_receipt/presentation/delivery_receipt_screen.dart:29:13 - Use 'const' with the constructor to improve performance. Try adding the 'const' keyword to the constructor invocation. - prefer_const_constructors
   info - lib/features/delivery_receipt/presentation/delivery_receipt_screen.dart:30:13 - Use 'const' with the constructor to improve performance. Try adding the 'const' keyword to the constructor invocation. - prefer_const_constructors
   info - lib/features/delivery_receipt/presentation/delivery_receipt_screen.dart:31:13 - Use 'const' with the constructor to improve performance. Try adding the 'const' keyword to the constructor invocation. - prefer_const_constructors
   info - lib/features/delivery_receipt/presentation/delivery_receipt_screen.dart:33:13 - Use 'const' with the constructor to improve performance. Try adding the 'const' keyword to the constructor invocation. - prefer_const_constructors
   info - lib/features/delivery_receipt/presentation/delivery_receipt_screen.dart:53:9 - Constructor declarations should be before non-constructor declarations. Try moving the constructor declaration before all other members. - sort_constructors_first
   info - lib/features/delivery_status/domain/delivery_status_gateway.dart:66:7 - Use the null-aware marker '?' rather than a null check via an 'if'. Try using '?'. - use_null_aware_elements
   info - lib/features/dispute/presentation/dispute_screen.dart:5:9 - Constructor declarations should be before non-constructor declarations. Try moving the constructor declaration before all other members. - sort_constructors_first
   info - lib/features/earnings/presentation/earnings_dashboard_screen.dart:26:11 - Use 'const' with the constructor to improve performance. Try adding the 'const' keyword to the constructor invocation. - prefer_const_constructors
   info - lib/features/earnings/presentation/earnings_dashboard_screen.dart:27:13 - Use 'const' with the constructor to improve performance. Try adding the 'const' keyword to the constructor invocation. - prefer_const_constructors
   info - lib/features/earnings/presentation/earnings_dashboard_screen.dart:27:29 - Use 'const' with the constructor to improve performance. Try adding the 'const' keyword to the constructor invocation. - prefer_const_constructors
   info - lib/features/earnings/presentation/earnings_dashboard_screen.dart:29:13 - Use 'const' with the constructor to improve performance. Try adding the 'const' keyword to the constructor invocation. - prefer_const_constructors
   info - lib/features/earnings/presentation/earnings_dashboard_screen.dart:29:29 - Use 'const' with the constructor to improve performance. Try adding the 'const' keyword to the constructor invocation. - prefer_const_constructors
   info - lib/features/earnings/presentation/earnings_dashboard_screen.dart:32:11 - Use 'const' with the constructor to improve performance. Try adding the 'const' keyword to the constructor invocation. - prefer_const_constructors
   info - lib/features/earnings/presentation/earnings_dashboard_screen.dart:33:13 - Use 'const' with the constructor to improve performance. Try adding the 'const' keyword to the constructor invocation. - prefer_const_constructors
   info - lib/features/earnings/presentation/earnings_dashboard_screen.dart:33:29 - Use 'const' with the constructor to improve performance. Try adding the 'const' keyword to the constructor invocation. - prefer_const_constructors
   info - lib/features/earnings/presentation/earnings_dashboard_screen.dart:35:13 - Use 'const' with the constructor to improve performance. Try adding the 'const' keyword to the constructor invocation. - prefer_const_constructors
   info - lib/features/earnings/presentation/earnings_dashboard_screen.dart:35:29 - Use 'const' with the constructor to improve performance. Try adding the 'const' keyword to the constructor invocation. - prefer_const_constructors
   info - lib/features/earnings/presentation/earnings_dashboard_screen.dart:52:9 - Constructor declarations should be before non-constructor declarations. Try moving the constructor declaration before all other members. - sort_constructors_first
   info - lib/features/goods_cost/presentation/goods_cost_screen.dart:5:9 - Constructor declarations should be before non-constructor declarations. Try moving the constructor declaration before all other members. - sort_constructors_first
   info - lib/features/goods_cost/presentation/goods_cost_screen.dart:52:49 - Don't use 'BuildContext's across async gaps, guarded by an unrelated 'mounted' check. Guard a 'State.context' use with a 'mounted' check on the State, and other BuildContext use with a 'mounted' check on the BuildContext. - use_build_context_synchronously
   info - lib/features/jeeber_request_detail/presentation/jeeber_request_detail_screen.dart:1:8 - The import of 'package:flutter/foundation.dart' is unnecessary because all of the used elements are also provided by the import of 'package:flutter/material.dart'. Try removing the import directive. - unnecessary_import
   info - lib/features/live_tracking/presentation/live_tracking_screen.dart:5:9 - Constructor declarations should be before non-constructor declarations. Try moving the constructor declaration before all other members. - sort_constructors_first
   info - lib/features/location/presentation/screens/location_picker_screen.dart:1:8 - The import of 'package:flutter/foundation.dart' is unnecessary because all of the used elements are also provided by the import of 'package:flutter/material.dart'. Try removing the import directive. - unnecessary_import
   info - lib/features/masked_call/application/masked_call_cubit.dart:8:9 - Constructor declarations should be before non-constructor declarations. Try moving the constructor declaration before all other members. - sort_constructors_first
   info - lib/features/masked_call/presentation/masked_call_button.dart:8:9 - Constructor declarations should be before non-constructor declarations. Try moving the constructor declaration before all other members. - sort_constructors_first
   info - lib/features/mixed_direction/presentation/mixed_direction_text.dart:10:9 - Constructor declarations should be before non-constructor declarations. Try moving the constructor declaration before all other members. - sort_constructors_first
   info - lib/features/no_offer_timeout/presentation/no_offer_timeout_screen.dart:5:9 - Constructor declarations should be before non-constructor declarations. Try moving the constructor declaration before all other members. - sort_constructors_first
   info - lib/features/notification_prefs/presentation/notification_prefs_screen.dart:39:9 - Constructor declarations should be before non-constructor declarations. Try moving the constructor declaration before all other members. - sort_constructors_first
   info - lib/features/offer_submission/application/offer_submission_cubit.dart:10:9 - Constructor declarations should be before non-constructor declarations. Try moving the constructor declaration before all other members. - sort_constructors_first
   info - lib/features/offer_submission/presentation/offer_submission_screen.dart:7:9 - Constructor declarations should be before non-constructor declarations. Try moving the constructor declaration before all other members. - sort_constructors_first
   info - lib/features/offline_mode/application/offline_cubit.dart:9:9 - Constructor declarations should be before non-constructor declarations. Try moving the constructor declaration before all other members. - sort_constructors_first
   info - lib/features/onboarding/onboarding_screen.dart:1:1 - Dangling library doc comment. Add a 'library' directive after the library comment. - dangling_library_doc_comments
   info - lib/features/onboarding/presentation/onboarding_screen.dart:93:9 - Constructor declarations should be before non-constructor declarations. Try moving the constructor declaration before all other members. - sort_constructors_first
   info - lib/features/order_history/presentation/order_history_screen.dart:251:35 - Unnecessary use of multiple underscores. Try using '_'. - unnecessary_underscores
   info - lib/features/otp_handover/presentation/otp_handover_screen.dart:6:9 - Constructor declarations should be before non-constructor declarations. Try moving the constructor declaration before all other members. - sort_constructors_first
   info - lib/features/otp_handover/presentation/otp_handover_screen.dart:22:9 - Constructor declarations should be before non-constructor declarations. Try moving the constructor declaration before all other members. - sort_constructors_first
   info - lib/features/otp_handover/presentation/otp_handover_screen.dart:52:9 - Constructor declarations should be before non-constructor declarations. Try moving the constructor declaration before all other members. - sort_constructors_first
   info - lib/features/prohibited_item_report/presentation/prohibited_item_report_screen.dart:5:9 - Constructor declarations should be before non-constructor declarations. Try moving the constructor declaration before all other members. - sort_constructors_first
   info - lib/features/rating/presentation/rating_screen.dart:5:9 - Constructor declarations should be before non-constructor declarations. Try moving the constructor declaration before all other members. - sort_constructors_first
   info - lib/features/request_summary/application/request_summary_cubit.dart:10:9 - Constructor declarations should be before non-constructor declarations. Try moving the constructor declaration before all other members. - sort_constructors_first
   info - lib/features/request_summary/domain/request_draft.dart:15:9 - Constructor declarations should be before non-constructor declarations. Try moving the constructor declaration before all other members. - sort_constructors_first
   info - lib/features/request_summary/presentation/request_summary_screen.dart:52:9 - Constructor declarations should be before non-constructor declarations. Try moving the constructor declaration before all other members. - sort_constructors_first
   info - lib/features/settings/presentation/screens/notification_preferences_screen.dart:1:8 - The import of 'package:flutter/foundation.dart' is unnecessary because all of the used elements are also provided by the import of 'package:flutter/material.dart'. Try removing the import directive. - unnecessary_import
   info - lib/features/settings/presentation/screens/saved_addresses_screen.dart:1:8 - The import of 'package:flutter/foundation.dart' is unnecessary because all of the used elements are also provided by the import of 'package:flutter/material.dart'. Try removing the import directive. - unnecessary_import
   info - lib/features/shell/shell_screen.dart:38:21 - Unnecessary use of multiple underscores. Try using '_'. - unnecessary_underscores
   info - lib/features/transcription/application/transcription_cubit.dart:8:9 - Constructor declarations should be before non-constructor declarations. Try moving the constructor declaration before all other members. - sort_constructors_first
   info - lib/features/transcription/presentation/transcription_display_screen.dart:7:9 - Constructor declarations should be before non-constructor declarations. Try moving the constructor declaration before all other members. - sort_constructors_first
   info - lib/features/transcription/presentation/transcription_display_screen.dart:41:9 - Constructor declarations should be before non-constructor declarations. Try moving the constructor declaration before all other members. - sort_constructors_first
   info - lib/features/transcription/presentation/transcription_display_screen.dart:53:9 - Constructor declarations should be before non-constructor declarations. Try moving the constructor declaration before all other members. - sort_constructors_first
   info - lib/features/transcription/presentation/transcription_screen.dart:1:8 - The import of 'package:flutter/foundation.dart' is unnecessary because all of the used elements are also provided by the import of 'package:flutter/material.dart'. Try removing the import directive. - unnecessary_import
   info - lib/features/voice_request/presentation/voice_request_screen.dart:1:8 - The import of 'package:flutter/foundation.dart' is unnecessary because all of the used elements are also provided by the import of 'package:flutter/material.dart'. Try removing the import directive. - unnecessary_import
   info - lib/l10n/app_localizations.dart:4:8 - The import of 'package:flutter/foundation.dart' is unnecessary because all of the used elements are also provided by the import of 'package:flutter/widgets.dart'. Try removing the import directive. - unnecessary_import
   info - test/order_history_screen_test.dart:74:22 - Unnecessary use of multiple underscores. Try using '_'. - unnecessary_underscores

148 issues found.
